(0.324400,0.423400),	(0.856400,0.325000),	(0.234400,0.876600),	(0.865700,0.998700),	(0.350000,0.650000),	
(0.537991,1.000000),(0.557586,0.898687),	(-0.000000,0.614234),(0.557586,0.898687),	(0.716377,0.663847),(0.557586,0.898687),	(-0.000000,0.574795),(0.614659,0.505354),	(0.716377,0.663847),(1.000000,0.659932),	(0.614659,0.505354),(0.716377,0.663847),	(0.521187,-0.000000),(0.614659,0.505354),	(-0.000000,0.594515),(-0.000000,0.594515),	
