(0.324400,0.423400),	(0.856450,0.325000),	(0.234400,0.876600),	(0.865700,0.998700),	
(0.537991,1.000000),(0.593616,0.712399),	(-0.000000,0.594515),(0.593616,0.712399),	(0.644175,0.664828),(1.000000,0.659943),	(0.644175,0.664828),(0.593616,0.712399),	(0.521219,-0.000000),(0.644175,0.664828),	
