(0.875000,0.169000)	(0.852000,0.792000)	(0.233000,0.434000)	
(0.318678,1.000000),(0.624240,0.471667)	(0.624240,0.471667),(1.000000,0.485539)	(0.429549,-0.000000),(0.624240,0.471667)	
